
> xiaoweiba@0.1.0 test
> jest --coverage

node.exe : FAIL tests/integration/GenerateCommitFullStack.test.ts
所在位置 行:1 字符: 1
+ & "D:\Program Files\nvm\nodejs/node.exe" "D:\Program Files\nvm\nodejs ...
+ ~~~~~~~~~~~~~~~~~~~~~~~~~~~~~~~~~~~~~~~~~~~~~~~~~~~~~~~~~~~~~~~~~~~~~
    + CategoryInfo          : NotSpecified: (FAIL tests/inte...llStack.test.ts:String) [], RemoteException
    + FullyQualifiedErrorId : NativeCommandError
 
  鈼?鎻愪氦鐢熸垚鍏ㄩ摼璺泦鎴愭祴璇?鈥?搴旇瀹屾垚鎻愪氦鐢熸垚鐨勫畬鏁存祦绋嬪垵濮嬪寲

    Cannot find module 'D:\out\tests\src\utils\ErrorCodes' from 'tests/integration/GenerateCommitFullStack.t
est.ts'

    [0m [90m 33 |[39m     [36mconst[39m outPath [33m=[39m path[33m.[39mjoin(__dirname[33m,[39m [
32m'../../../out/tests/src'[39m)[33m;[39m
     [90m 34 |[39m     
    [31m[1m>[22m[39m[90m 35 |[39m     [36mconst[39m [33mErrorCodes[39m [33m=[39m require(path[3
3m.[39mjoin(outPath[33m,[39m [32m'utils/ErrorCodes'[39m))[33m;[39m
     [90m    |[39m                        [31m[1m^[22m[39m
     [90m 36 |[39m     [36mconst[39m [33mConfigManagerModule[39m [33m=[39m require(path[33m.[39mjo
in(outPath[33m,[39m [32m'storage/ConfigManager'[39m))[33m;[39m
     [90m 37 |[39m     [36mconst[39m [33mDatabaseManagerModule[39m [33m=[39m require(path[33m.[39m
join(outPath[33m,[39m [32m'storage/DatabaseManager'[39m))[33m;[39m
     [90m 38 |[39m     [36mconst[39m [33mAuditLoggerModule[39m [33m=[39m require(path[33m.[39mjoin
(outPath[33m,[39m [32m'core/security/AuditLogger'[39m))[33m;[39m[0m

      at Resolver._throwModNotFoundError (node_modules/jest-resolve/build/resolver.js:427:11)
      at Object.<anonymous> (tests/integration/GenerateCommitFullStack.test.ts:35:24)

  鈼?鎻愪氦鐢熸垚鍏ㄩ摼璺泦鎴愭祴璇?鈥?搴旇鑳藉璁板綍鎻愪氦鐢熸垚鐨勬儏鏅蹇?
    Cannot find module 'D:\out\tests\src\utils\ErrorCodes' from 'tests/integration/GenerateCommitFullStack.t
est.ts'

    [0m [90m 33 |[39m     [36mconst[39m outPath [33m=[39m path[33m.[39mjoin(__dirname[33m,[39m [
32m'../../../out/tests/src'[39m)[33m;[39m
     [90m 34 |[39m     
    [31m[1m>[22m[39m[90m 35 |[39m     [36mconst[39m [33mErrorCodes[39m [33m=[39m require(path[3
3m.[39mjoin(outPath[33m,[39m [32m'utils/ErrorCodes'[39m))[33m;[39m
     [90m    |[39m                        [31m[1m^[22m[39m
     [90m 36 |[39m     [36mconst[39m [33mConfigManagerModule[39m [33m=[39m require(path[33m.[39mjo
in(outPath[33m,[39m [32m'storage/ConfigManager'[39m))[33m;[39m
     [90m 37 |[39m     [36mconst[39m [33mDatabaseManagerModule[39m [33m=[39m require(path[33m.[39m
join(outPath[33m,[39m [32m'storage/DatabaseManager'[39m))[33m;[39m
     [90m 38 |[39m     [36mconst[39m [33mAuditLoggerModule[39m [33m=[39m require(path[33m.[39mjoin
(outPath[33m,[39m [32m'core/security/AuditLogger'[39m))[33m;[39m[0m

      at Resolver._throwModNotFoundError (node_modules/jest-resolve/build/resolver.js:427:11)
      at Object.<anonymous> (tests/integration/GenerateCommitFullStack.test.ts:35:24)

  鈼?鎻愪氦鐢熸垚鍏ㄩ摼璺泦鎴愭祴璇?鈥?搴旇鑳藉鏌ヨ鎻愪氦鐩稿叧鐨勫亸濂?
    Cannot find module 'D:\out\tests\src\utils\ErrorCodes' from 'tests/integration/GenerateCommitFullStack.t
est.ts'

    [0m [90m 33 |[39m     [36mconst[39m outPath [33m=[39m path[33m.[39mjoin(__dirname[33m,[39m [
32m'../../../out/tests/src'[39m)[33m;[39m
     [90m 34 |[39m     
    [31m[1m>[22m[39m[90m 35 |[39m     [36mconst[39m [33mErrorCodes[39m [33m=[39m require(path[3
3m.[39mjoin(outPath[33m,[39m [32m'utils/ErrorCodes'[39m))[33m;[39m
     [90m    |[39m                        [31m[1m^[22m[39m
     [90m 36 |[39m     [36mconst[39m [33mConfigManagerModule[39m [33m=[39m require(path[33m.[39mjo
in(outPath[33m,[39m [32m'storage/ConfigManager'[39m))[33m;[39m
     [90m 37 |[39m     [36mconst[39m [33mDatabaseManagerModule[39m [33m=[39m require(path[33m.[39m
join(outPath[33m,[39m [32m'storage/DatabaseManager'[39m))[33m;[39m
     [90m 38 |[39m     [36mconst[39m [33mAuditLoggerModule[39m [33m=[39m require(path[33m.[39mjoin
(outPath[33m,[39m [32m'core/security/AuditLogger'[39m))[33m;[39m[0m

      at Resolver._throwModNotFoundError (node_modules/jest-resolve/build/resolver.js:427:11)
      at Object.<anonymous> (tests/integration/GenerateCommitFullStack.test.ts:35:24)

  鈼?鎻愪氦鐢熸垚鍏ㄩ摼璺泦鎴愭祴璇?鈥?搴旇鑳藉鐢熸垚鍜岄獙璇佷换鍔′护鐗岀敤浜嶨it鎿嶄綔

    Cannot find module 'D:\out\tests\src\utils\ErrorCodes' from 'tests/integration/GenerateCommitFullStack.t
est.ts'

    [0m [90m 33 |[39m     [36mconst[39m outPath [33m=[39m path[33m.[39mjoin(__dirname[33m,[39m [
32m'../../../out/tests/src'[39m)[33m;[39m
     [90m 34 |[39m     
    [31m[1m>[22m[39m[90m 35 |[39m     [36mconst[39m [33mErrorCodes[39m [33m=[39m require(path[3
3m.[39mjoin(outPath[33m,[39m [32m'utils/ErrorCodes'[39m))[33m;[39m
     [90m    |[39m                        [31m[1m^[22m[39m
     [90m 36 |[39m     [36mconst[39m [33mConfigManagerModule[39m [33m=[39m require(path[33m.[39mjo
in(outPath[33m,[39m [32m'storage/ConfigManager'[39m))[33m;[39m
     [90m 37 |[39m     [36mconst[39m [33mDatabaseManagerModule[39m [33m=[39m require(path[33m.[39m
join(outPath[33m,[39m [32m'storage/DatabaseManager'[39m))[33m;[39m
     [90m 38 |[39m     [36mconst[39m [33mAuditLoggerModule[39m [33m=[39m require(path[33m.[39mjoin
(outPath[33m,[39m [32m'core/security/AuditLogger'[39m))[33m;[39m[0m

      at Resolver._throwModNotFoundError (node_modules/jest-resolve/build/resolver.js:427:11)
      at Object.<anonymous> (tests/integration/GenerateCommitFullStack.test.ts:35:24)

  鈼?鎻愪氦鐢熸垚鍏ㄩ摼璺泦鎴愭祴璇?鈥?LLMTool搴旇兘姝ｇ‘澶勭悊鎻愪氦娑堟伅鐢熸垚

    Cannot find module 'D:\out\tests\src\utils\ErrorCodes' from 'tests/integration/GenerateCommitFullStack.t
est.ts'

    [0m [90m 33 |[39m     [36mconst[39m outPath [33m=[39m path[33m.[39mjoin(__dirname[33m,[39m [
32m'../../../out/tests/src'[39m)[33m;[39m
     [90m 34 |[39m     
    [31m[1m>[22m[39m[90m 35 |[39m     [36mconst[39m [33mErrorCodes[39m [33m=[39m require(path[3
3m.[39mjoin(outPath[33m,[39m [32m'utils/ErrorCodes'[39m))[33m;[39m
     [90m    |[39m                        [31m[1m^[22m[39m
     [90m 36 |[39m     [36mconst[39m [33mConfigManagerModule[39m [33m=[39m require(path[33m.[39mjo
in(outPath[33m,[39m [32m'storage/ConfigManager'[39m))[33m;[39m
     [90m 37 |[39m     [36mconst[39m [33mDatabaseManagerModule[39m [33m=[39m require(path[33m.[39m
join(outPath[33m,[39m [32m'storage/DatabaseManager'[39m))[33m;[39m
     [90m 38 |[39m     [36mconst[39m [33mAuditLoggerModule[39m [33m=[39m require(path[33m.[39mjoin
(outPath[33m,[39m [32m'core/security/AuditLogger'[39m))[33m;[39m[0m

      at Resolver._throwModNotFoundError (node_modules/jest-resolve/build/resolver.js:427:11)
      at Object.<anonymous> (tests/integration/GenerateCommitFullStack.test.ts:35:24)

  鈼?鎻愪氦鐢熸垚鍏ㄩ摼璺泦鎴愭祴璇?鈥?搴旇鑳藉鑾峰彇鍋忓ソ鎺ㄨ崘鐢ㄤ簬鎻愪氦鏍煎紡

    Cannot find module 'D:\out\tests\src\utils\ErrorCodes' from 'tests/integration/GenerateCommitFullStack.t
est.ts'

    [0m [90m 33 |[39m     [36mconst[39m outPath [33m=[39m path[33m.[39mjoin(__dirname[33m,[39m [
32m'../../../out/tests/src'[39m)[33m;[39m
     [90m 34 |[39m     
    [31m[1m>[22m[39m[90m 35 |[39m     [36mconst[39m [33mErrorCodes[39m [33m=[39m require(path[3
3m.[39mjoin(outPath[33m,[39m [32m'utils/ErrorCodes'[39m))[33m;[39m
     [90m    |[39m                        [31m[1m^[22m[39m
     [90m 36 |[39m     [36mconst[39m [33mConfigManagerModule[39m [33m=[39m require(path[33m.[39mjo
in(outPath[33m,[39m [32m'storage/ConfigManager'[39m))[33m;[39m
     [90m 37 |[39m     [36mconst[39m [33mDatabaseManagerModule[39m [33m=[39m require(path[33m.[39m
join(outPath[33m,[39m [32m'storage/DatabaseManager'[39m))[33m;[39m
     [90m 38 |[39m     [36mconst[39m [33mAuditLoggerModule[39m [33m=[39m require(path[33m.[39mjoin
(outPath[33m,[39m [32m'core/security/AuditLogger'[39m))[33m;[39m[0m

      at Resolver._throwModNotFoundError (node_modules/jest-resolve/build/resolver.js:427:11)
      at Object.<anonymous> (tests/integration/GenerateCommitFullStack.test.ts:35:24)

  鈼?鎻愪氦鐢熸垚鍏ㄩ摼璺泦鎴愭祴璇?鈥?瀹¤鏃ュ織搴旇兘璁板綍鎻愪氦鐢熸垚鎿嶄綔

    Cannot find module 'D:\out\tests\src\utils\ErrorCodes' from 'tests/integration/GenerateCommitFullStack.t
est.ts'

    [0m [90m 33 |[39m     [36mconst[39m outPath [33m=[39m path[33m.[39mjoin(__dirname[33m,[39m [
32m'../../../out/tests/src'[39m)[33m;[39m
     [90m 34 |[39m     
    [31m[1m>[22m[39m[90m 35 |[39m     [36mconst[39m [33mErrorCodes[39m [33m=[39m require(path[3
3m.[39mjoin(outPath[33m,[39m [32m'utils/ErrorCodes'[39m))[33m;[39m
     [90m    |[39m                        [31m[1m^[22m[39m
     [90m 36 |[39m     [36mconst[39m [33mConfigManagerModule[39m [33m=[39m require(path[33m.[39mjo
in(outPath[33m,[39m [32m'storage/ConfigManager'[39m))[33m;[39m
     [90m 37 |[39m     [36mconst[39m [33mDatabaseManagerModule[39m [33m=[39m require(path[33m.[39m
join(outPath[33m,[39m [32m'storage/DatabaseManager'[39m))[33m;[39m
     [90m 38 |[39m     [36mconst[39m [33mAuditLoggerModule[39m [33m=[39m require(path[33m.[39mjoin
(outPath[33m,[39m [32m'core/security/AuditLogger'[39m))[33m;[39m[0m

      at Resolver._throwModNotFoundError (node_modules/jest-resolve/build/resolver.js:427:11)
      at Object.<anonymous> (tests/integration/GenerateCommitFullStack.test.ts:35:24)

  鈼?鎻愪氦鐢熸垚鍏ㄩ摼璺泦鎴愭祴璇?鈥?鏁版嵁搴撳簲鍖呭惈鎵€鏈夊繀闇€鐨勮〃鐢ㄤ簬鎻愪氦鐢熸垚鍔熻兘

    Cannot find module 'D:\out\tests\src\utils\ErrorCodes' from 'tests/integration/GenerateCommitFullStack.t
est.ts'

    [0m [90m 33 |[39m     [36mconst[39m outPath [33m=[39m path[33m.[39mjoin(__dirname[33m,[39m [
32m'../../../out/tests/src'[39m)[33m;[39m
     [90m 34 |[39m     
    [31m[1m>[22m[39m[90m 35 |[39m     [36mconst[39m [33mErrorCodes[39m [33m=[39m require(path[3
3m.[39mjoin(outPath[33m,[39m [32m'utils/ErrorCodes'[39m))[33m;[39m
     [90m    |[39m                        [31m[1m^[22m[39m
     [90m 36 |[39m     [36mconst[39m [33mConfigManagerModule[39m [33m=[39m require(path[33m.[39mjo
in(outPath[33m,[39m [32m'storage/ConfigManager'[39m))[33m;[39m
     [90m 37 |[39m     [36mconst[39m [33mDatabaseManagerModule[39m [33m=[39m require(path[33m.[39m
join(outPath[33m,[39m [32m'storage/DatabaseManager'[39m))[33m;[39m
     [90m 38 |[39m     [36mconst[39m [33mAuditLoggerModule[39m [33m=[39m require(path[33m.[39mjoin
(outPath[33m,[39m [32m'core/security/AuditLogger'[39m))[33m;[39m[0m

      at Resolver._throwModNotFoundError (node_modules/jest-resolve/build/resolver.js:427:11)
      at Object.<anonymous> (tests/integration/GenerateCommitFullStack.test.ts:35:24)

  鈼?鎻愪氦鐢熸垚鍏ㄩ摼璺泦鎴愭祴璇?鈥?搴旇鑳藉缁熻鎻愪氦鐢熸垚鐩稿叧鐨勮蹇嗗拰鍋忓ソ

    Cannot find module 'D:\out\tests\src\utils\ErrorCodes' from 'tests/integration/GenerateCommitFullStack.t
est.ts'

    [0m [90m 33 |[39m     [36mconst[39m outPath [33m=[39m path[33m.[39mjoin(__dirname[33m,[39m [
32m'../../../out/tests/src'[39m)[33m;[39m
     [90m 34 |[39m     
    [31m[1m>[22m[39m[90m 35 |[39m     [36mconst[39m [33mErrorCodes[39m [33m=[39m require(path[3
3m.[39mjoin(outPath[33m,[39m [32m'utils/ErrorCodes'[39m))[33m;[39m
     [90m    |[39m                        [31m[1m^[22m[39m
     [90m 36 |[39m     [36mconst[39m [33mConfigManagerModule[39m [33m=[39m require(path[33m.[39mjo
in(outPath[33m,[39m [32m'storage/ConfigManager'[39m))[33m;[39m
     [90m 37 |[39m     [36mconst[39m [33mDatabaseManagerModule[39m [33m=[39m require(path[33m.[39m
join(outPath[33m,[39m [32m'storage/DatabaseManager'[39m))[33m;[39m
     [90m 38 |[39m     [36mconst[39m [33mAuditLoggerModule[39m [33m=[39m require(path[33m.[39mjoin
(outPath[33m,[39m [32m'core/security/AuditLogger'[39m))[33m;[39m[0m

      at Resolver._throwModNotFoundError (node_modules/jest-resolve/build/resolver.js:427:11)
      at Object.<anonymous> (tests/integration/GenerateCommitFullStack.test.ts:35:24)

PASS tests/unit/commands/ExportMemoryCommand.test.ts
PASS tests/unit/commands/ImportMemoryCommand.test.ts
FAIL tests/integration/ExplainCodeFullStack.test.ts
  鈼?浠ｇ爜瑙ｉ噴鍏ㄩ摼璺泦鎴愭祴璇?鈥?搴旇瀹屾垚浠ｇ爜瑙ｉ噴鐨勫畬鏁存祦绋?
    Cannot find module 'D:\out\tests\src\utils\ErrorCodes' from 'tests/integration/ExplainCodeFullStack.test
.ts'

    [0m [90m 33 |[39m     [36mconst[39m outPath [33m=[39m path[33m.[39mjoin(__dirname[33m,[39m [
32m'../../../out/tests/src'[39m)[33m;[39m
     [90m 34 |[39m     
    [31m[1m>[22m[39m[90m 35 |[39m     [36mconst[39m [33mErrorCodes[39m [33m=[39m require(path[3
3m.[39mjoin(outPath[33m,[39m [32m'utils/ErrorCodes'[39m))[33m;[39m
     [90m    |[39m                        [31m[1m^[22m[39m
     [90m 36 |[39m     [36mconst[39m [33mConfigManagerModule[39m [33m=[39m require(path[33m.[39mjo
in(outPath[33m,[39m [32m'storage/ConfigManager'[39m))[33m;[39m
     [90m 37 |[39m     [36mconst[39m [33mDatabaseManagerModule[39m [33m=[39m require(path[33m.[39m
join(outPath[33m,[39m [32m'storage/DatabaseManager'[39m))[33m;[39m
     [90m 38 |[39m     [36mconst[39m [33mAuditLoggerModule[39m [33m=[39m require(path[33m.[39mjoin
(outPath[33m,[39m [32m'core/security/AuditLogger'[39m))[33m;[39m[0m

      at Resolver._throwModNotFoundError (node_modules/jest-resolve/build/resolver.js:427:11)
      at Object.<anonymous> (tests/integration/ExplainCodeFullStack.test.ts:35:24)

  鈼?浠ｇ爜瑙ｉ噴鍏ㄩ摼璺泦鎴愭祴璇?鈥?搴旇鑳藉璁板綍鍜屾绱㈡儏鏅蹇?
    Cannot find module 'D:\out\tests\src\utils\ErrorCodes' from 'tests/integration/ExplainCodeFullStack.test
.ts'

    [0m [90m 33 |[39m     [36mconst[39m outPath [33m=[39m path[33m.[39mjoin(__dirname[33m,[39m [
32m'../../../out/tests/src'[39m)[33m;[39m
     [90m 34 |[39m     
    [31m[1m>[22m[39m[90m 35 |[39m     [36mconst[39m [33mErrorCodes[39m [33m=[39m require(path[3
3m.[39mjoin(outPath[33m,[39m [32m'utils/ErrorCodes'[39m))[33m;[39m
     [90m    |[39m                        [31m[1m^[22m[39m
     [90m 36 |[39m     [36mconst[39m [33mConfigManagerModule[39m [33m=[39m require(path[33m.[39mjo
in(outPath[33m,[39m [32m'storage/ConfigManager'[39m))[33m;[39m
     [90m 37 |[39m     [36mconst[39m [33mDatabaseManagerModule[39m [33m=[39m require(path[33m.[39m
join(outPath[33m,[39m [32m'storage/DatabaseManager'[39m))[33m;[39m
     [90m 38 |[39m     [36mconst[39m [33mAuditLoggerModule[39m [33m=[39m require(path[33m.[39mjoin
(outPath[33m,[39m [32m'core/security/AuditLogger'[39m))[33m;[39m[0m

      at Resolver._throwModNotFoundError (node_modules/jest-resolve/build/resolver.js:427:11)
      at Object.<anonymous> (tests/integration/ExplainCodeFullStack.test.ts:35:24)

  鈼?浠ｇ爜瑙ｉ噴鍏ㄩ摼璺泦鎴愭祴璇?鈥?搴旇鑳藉璁板綍鍜屾煡璇㈠亸濂借蹇?
    Cannot find module 'D:\out\tests\src\utils\ErrorCodes' from 'tests/integration/ExplainCodeFullStack.test
.ts'

    [0m [90m 33 |[39m     [36mconst[39m outPath [33m=[39m path[33m.[39mjoin(__dirname[33m,[39m [
32m'../../../out/tests/src'[39m)[33m;[39m
     [90m 34 |[39m     
    [31m[1m>[22m[39m[90m 35 |[39m     [36mconst[39m [33mErrorCodes[39m [33m=[39m require(path[3
3m.[39mjoin(outPath[33m,[39m [32m'utils/ErrorCodes'[39m))[33m;[39m
     [90m    |[39m                        [31m[1m^[22m[39m
     [90m 36 |[39m     [36mconst[39m [33mConfigManagerModule[39m [33m=[39m require(path[33m.[39mjo
in(outPath[33m,[39m [32m'storage/ConfigManager'[39m))[33m;[39m
     [90m 37 |[39m     [36mconst[39m [33mDatabaseManagerModule[39m [33m=[39m require(path[33m.[39m
join(outPath[33m,[39m [32m'storage/DatabaseManager'[39m))[33m;[39m
     [90m 38 |[39m     [36mconst[39m [33mAuditLoggerModule[39m [33m=[39m require(path[33m.[39mjoin
(outPath[33m,[39m [32m'core/security/AuditLogger'[39m))[33m;[39m[0m

      at Resolver._throwModNotFoundError (node_modules/jest-resolve/build/resolver.js:427:11)
      at Object.<anonymous> (tests/integration/ExplainCodeFullStack.test.ts:35:24)

  鈼?浠ｇ爜瑙ｉ噴鍏ㄩ摼璺泦鎴愭祴璇?鈥?搴旇鑳藉鐢熸垚浠诲姟浠ょ墝

    Cannot find module 'D:\out\tests\src\utils\ErrorCodes' from 'tests/integration/ExplainCodeFullStack.test
.ts'

    [0m [90m 33 |[39m     [36mconst[39m outPath [33m=[39m path[33m.[39mjoin(__dirname[33m,[39m [
32m'../../../out/tests/src'[39m)[33m;[39m
     [90m 34 |[39m     
    [31m[1m>[22m[39m[90m 35 |[39m     [36mconst[39m [33mErrorCodes[39m [33m=[39m require(path[3
3m.[39mjoin(outPath[33m,[39m [32m'utils/ErrorCodes'[39m))[33m;[39m
     [90m    |[39m                        [31m[1m^[22m[39m
     [90m 36 |[39m     [36mconst[39m [33mConfigManagerModule[39m [33m=[39m require(path[33m.[39mjo
in(outPath[33m,[39m [32m'storage/ConfigManager'[39m))[33m;[39m
     [90m 37 |[39m     [36mconst[39m [33mDatabaseManagerModule[39m [33m=[39m require(path[33m.[39m
join(outPath[33m,[39m [32m'storage/DatabaseManager'[39m))[33m;[39m
     [90m 38 |[39m     [36mconst[39m [33mAuditLoggerModule[39m [33m=[39m require(path[33m.[39mjoin
(outPath[33m,[39m [32m'core/security/AuditLogger'[39m))[33m;[39m[0m

      at Resolver._throwModNotFoundError (node_modules/jest-resolve/build/resolver.js:427:11)
      at Object.<anonymous> (tests/integration/ExplainCodeFullStack.test.ts:35:24)

  鈼?浠ｇ爜瑙ｉ噴鍏ㄩ摼璺泦鎴愭祴璇?鈥?LLMTool搴旇兘姝ｇ‘鑴辨晱鏁忔劅淇℃伅

    Cannot find module 'D:\out\tests\src\utils\ErrorCodes' from 'tests/integration/ExplainCodeFullStack.test
.ts'

    [0m [90m 33 |[39m     [36mconst[39m outPath [33m=[39m path[33m.[39mjoin(__dirname[33m,[39m [
32m'../../../out/tests/src'[39m)[33m;[39m
     [90m 34 |[39m     
    [31m[1m>[22m[39m[90m 35 |[39m     [36mconst[39m [33mErrorCodes[39m [33m=[39m require(path[3
3m.[39mjoin(outPath[33m,[39m [32m'utils/ErrorCodes'[39m))[33m;[39m
     [90m    |[39m                        [31m[1m^[22m[39m
     [90m 36 |[39m     [36mconst[39m [33mConfigManagerModule[39m [33m=[39m require(path[33m.[39mjo
in(outPath[33m,[39m [32m'storage/ConfigManager'[39m))[33m;[39m
     [90m 37 |[39m     [36mconst[39m [33mDatabaseManagerModule[39m [33m=[39m require(path[33m.[39m
join(outPath[33m,[39m [32m'storage/DatabaseManager'[39m))[33m;[39m
     [90m 38 |[39m     [36mconst[39m [33mAuditLoggerModule[39m [33m=[39m require(path[33m.[39mjoin
(outPath[33m,[39m [32m'core/security/AuditLogger'[39m))[33m;[39m[0m

      at Resolver._throwModNotFoundError (node_modules/jest-resolve/build/resolver.js:427:11)
      at Object.<anonymous> (tests/integration/ExplainCodeFullStack.test.ts:35:24)

  鈼?浠ｇ爜瑙ｉ噴鍏ㄩ摼璺泦鎴愭祴璇?鈥?瀹¤鏃ュ織搴旇兘姝ｇ‘璁板綍鎿嶄綔

    Cannot find module 'D:\out\tests\src\utils\ErrorCodes' from 'tests/integration/ExplainCodeFullStack.test
.ts'

    [0m [90m 33 |[39m     [36mconst[39m outPath [33m=[39m path[33m.[39mjoin(__dirname[33m,[39m [
32m'../../../out/tests/src'[39m)[33m;[39m
     [90m 34 |[39m     
    [31m[1m>[22m[39m[90m 35 |[39m     [36mconst[39m [33mErrorCodes[39m [33m=[39m require(path[3
3m.[39mjoin(outPath[33m,[39m [32m'utils/ErrorCodes'[39m))[33m;[39m
     [90m    |[39m                        [31m[1m^[22m[39m
     [90m 36 |[39m     [36mconst[39m [33mConfigManagerModule[39m [33m=[39m require(path[33m.[39mjo
in(outPath[33m,[39m [32m'storage/ConfigManager'[39m))[33m;[39m
     [90m 37 |[39m     [36mconst[39m [33mDatabaseManagerModule[39m [33m=[39m require(path[33m.[39m
join(outPath[33m,[39m [32m'storage/DatabaseManager'[39m))[33m;[39m
     [90m 38 |[39m     [36mconst[39m [33mAuditLoggerModule[39m [33m=[39m require(path[33m.[39mjoin
(outPath[33m,[39m [32m'core/security/AuditLogger'[39m))[33m;[39m[0m

      at Resolver._throwModNotFoundError (node_modules/jest-resolve/build/resolver.js:427:11)
      at Object.<anonymous> (tests/integration/ExplainCodeFullStack.test.ts:35:24)

  鈼?浠ｇ爜瑙ｉ噴鍏ㄩ摼璺泦鎴愭祴璇?鈥?鏁版嵁搴撳仴搴锋鏌ュ簲杩斿洖姝ｇ‘鐘舵€?
    Cannot find module 'D:\out\tests\src\utils\ErrorCodes' from 'tests/integration/ExplainCodeFullStack.test
.ts'

    [0m [90m 33 |[39m     [36mconst[39m outPath [33m=[39m path[33m.[39mjoin(__dirname[33m,[39m [
32m'../../../out/tests/src'[39m)[33m;[39m
     [90m 34 |[39m     
    [31m[1m>[22m[39m[90m 35 |[39m     [36mconst[39m [33mErrorCodes[39m [33m=[39m require(path[3
3m.[39mjoin(outPath[33m,[39m [32m'utils/ErrorCodes'[39m))[33m;[39m
     [90m    |[39m                        [31m[1m^[22m[39m
     [90m 36 |[39m     [36mconst[39m [33mConfigManagerModule[39m [33m=[39m require(path[33m.[39mjo
in(outPath[33m,[39m [32m'storage/ConfigManager'[39m))[33m;[39m
     [90m 37 |[39m     [36mconst[39m [33mDatabaseManagerModule[39m [33m=[39m require(path[33m.[39m
join(outPath[33m,[39m [32m'storage/DatabaseManager'[39m))[33m;[39m
     [90m 38 |[39m     [36mconst[39m [33mAuditLoggerModule[39m [33m=[39m require(path[33m.[39mjoin
(outPath[33m,[39m [32m'core/security/AuditLogger'[39m))[33m;[39m[0m

      at Resolver._throwModNotFoundError (node_modules/jest-resolve/build/resolver.js:427:11)
      at Object.<anonymous> (tests/integration/ExplainCodeFullStack.test.ts:35:24)

PASS tests/unit/utils/ProjectFingerprint.test.ts
PASS tests/unit/utils/ErrorCodes.test.ts
PASS tests/unit/tools/LLMTool.test.ts
PASS tests/unit/security/AuditLogger.test.ts
PASS tests/unit/core/security/TaskToken.test.ts
PASS tests/unit/core/memory/PreferenceMemory.test.ts
PASS tests/unit/memory/EpisodicMemory.test.ts
  鈼?Console

    console.log
      [EpisodicMemory] record() called, checking database...

      at EpisodicMemory.log [as record] (src/core/memory/EpisodicMemory.ts:67:15)

    console.log
      [EpisodicMemory] Database retrieved successfully

      at EpisodicMemory.log [as record] (src/core/memory/EpisodicMemory.ts:76:15)

    console.log
      [EpisodicMemory] record() called, checking database...

      at EpisodicMemory.log [as record] (src/core/memory/EpisodicMemory.ts:67:15)

    console.log
      [EpisodicMemory] Database retrieved successfully

      at EpisodicMemory.log [as record] (src/core/memory/EpisodicMemory.ts:76:15)

    console.log
      [EpisodicMemory] record() called, checking database...

      at EpisodicMemory.log [as record] (src/core/memory/EpisodicMemory.ts:67:15)

    console.log
      [EpisodicMemory] Database retrieved successfully

      at EpisodicMemory.log [as record] (src/core/memory/EpisodicMemory.ts:76:15)

    console.log
      [EpisodicMemory] record() called, checking database...

      at EpisodicMemory.log [as record] (src/core/memory/EpisodicMemory.ts:67:15)

    console.log
      [EpisodicMemory] Database retrieved successfully

      at EpisodicMemory.log [as record] (src/core/memory/EpisodicMemory.ts:76:15)

    console.log
      [EpisodicMemory] record() called, checking database...

      at EpisodicMemory.log [as record] (src/core/memory/EpisodicMemory.ts:67:15)

    console.log
      [EpisodicMemory] Database retrieved successfully

      at EpisodicMemory.log [as record] (src/core/memory/EpisodicMemory.ts:76:15)

    console.log
      [EpisodicMemory] record() called, checking database...

      at EpisodicMemory.log [as record] (src/core/memory/EpisodicMemory.ts:67:15)

    console.log
      [EpisodicMemory] Database retrieved successfully

      at EpisodicMemory.log [as record] (src/core/memory/EpisodicMemory.ts:76:15)

FAIL tests/unit/commands/ExplainCodeCommand.test.ts
  鈼?Console

    console.log
      [ExplainCodeCommand] Constructor called

      at new log (src/commands/ExplainCodeCommand.ts:19:13)

    console.log
      [ExplainCodeCommand] episodicMemory param: undefined

      at new log (src/commands/ExplainCodeCommand.ts:20:13)

    console.log
      [ExplainCodeCommand] llmTool param: undefined

      at new log (src/commands/ExplainCodeCommand.ts:21:13)

    console.log
      [ExplainCodeCommand] episodicMemory instance: initialized

      at new log (src/commands/ExplainCodeCommand.ts:29:13)

    console.log
      [ExplainCodeCommand] dbManager: null

      at new log (src/commands/ExplainCodeCommand.ts:30:13)

    console.log
      [ExplainCodeCommand] Constructor called

      at new log (src/commands/ExplainCodeCommand.ts:19:13)

    console.log
      [ExplainCodeCommand] episodicMemory param: undefined

      at new log (src/commands/ExplainCodeCommand.ts:20:13)

    console.log
      [ExplainCodeCommand] llmTool param: undefined

      at new log (src/commands/ExplainCodeCommand.ts:21:13)

    console.log
      [ExplainCodeCommand] episodicMemory instance: initialized

      at new log (src/commands/ExplainCodeCommand.ts:29:13)

    console.log
      [ExplainCodeCommand] dbManager: null

      at new log (src/commands/ExplainCodeCommand.ts:30:13)

    console.log
      [ExplainCodeCommand] Constructor called

      at new log (src/commands/ExplainCodeCommand.ts:19:13)

    console.log
      [ExplainCodeCommand] episodicMemory param: undefined

      at new log (src/commands/ExplainCodeCommand.ts:20:13)

    console.log
      [ExplainCodeCommand] llmTool param: undefined

      at new log (src/commands/ExplainCodeCommand.ts:21:13)

    console.log
      [ExplainCodeCommand] episodicMemory instance: initialized

      at new log (src/commands/ExplainCodeCommand.ts:29:13)

    console.log
      [ExplainCodeCommand] dbManager: null

      at new log (src/commands/ExplainCodeCommand.ts:30:13)

    console.log
      [ExplainCodeCommand] Constructor called

      at new log (src/commands/ExplainCodeCommand.ts:19:13)

    console.log
      [ExplainCodeCommand] episodicMemory param: undefined

      at new log (src/commands/ExplainCodeCommand.ts:20:13)

    console.log
      [ExplainCodeCommand] llmTool param: undefined

      at new log (src/commands/ExplainCodeCommand.ts:21:13)

    console.log
      [ExplainCodeCommand] episodicMemory instance: initialized

      at new log (src/commands/ExplainCodeCommand.ts:29:13)

    console.log
      [ExplainCodeCommand] dbManager: null

      at new log (src/commands/ExplainCodeCommand.ts:30:13)

    console.log
      [ExplainCodeCommand] Constructor called

      at new log (src/commands/ExplainCodeCommand.ts:19:13)

    console.log
      [ExplainCodeCommand] episodicMemory param: undefined

      at new log (src/commands/ExplainCodeCommand.ts:20:13)

    console.log
      [ExplainCodeCommand] llmTool param: undefined

      at new log (src/commands/ExplainCodeCommand.ts:21:13)

    console.log
      [ExplainCodeCommand] episodicMemory instance: initialized

      at new log (src/commands/ExplainCodeCommand.ts:29:13)

    console.log
      [ExplainCodeCommand] dbManager: null

      at new log (src/commands/ExplainCodeCommand.ts:30:13)

    console.log
      [ExplainCodeCommand] Constructor called

      at new log (src/commands/ExplainCodeCommand.ts:19:13)

    console.log
      [ExplainCodeCommand] episodicMemory param: undefined

      at new log (src/commands/ExplainCodeCommand.ts:20:13)

    console.log
      [ExplainCodeCommand] llmTool param: undefined

      at new log (src/commands/ExplainCodeCommand.ts:21:13)

    console.log
      [ExplainCodeCommand] episodicMemory instance: initialized

      at new log (src/commands/ExplainCodeCommand.ts:29:13)

    console.log
      [ExplainCodeCommand] dbManager: null

      at new log (src/commands/ExplainCodeCommand.ts:30:13)

    console.log
      [ExplainCodeCommand] Constructor called

      at new log (src/commands/ExplainCodeCommand.ts:19:13)

    console.log
      [ExplainCodeCommand] episodicMemory param: undefined

      at new log (src/commands/ExplainCodeCommand.ts:20:13)

    console.log
      [ExplainCodeCommand] llmTool param: undefined

      at new log (src/commands/ExplainCodeCommand.ts:21:13)

    console.log
      [ExplainCodeCommand] episodicMemory instance: initialized

      at new log (src/commands/ExplainCodeCommand.ts:29:13)

    console.log
      [ExplainCodeCommand] dbManager: null

      at new log (src/commands/ExplainCodeCommand.ts:30:13)

    console.log
      [ExplainCodeCommand] Constructor called

      at new log (src/commands/ExplainCodeCommand.ts:19:13)

    console.log
      [ExplainCodeCommand] episodicMemory param: undefined

      at new log (src/commands/ExplainCodeCommand.ts:20:13)

    console.log
      [ExplainCodeCommand] llmTool param: undefined

      at new log (src/commands/ExplainCodeCommand.ts:21:13)

    console.log
      [ExplainCodeCommand] episodicMemory instance: initialized

      at new log (src/commands/ExplainCodeCommand.ts:29:13)

    console.log
      [ExplainCodeCommand] dbManager: null

      at new log (src/commands/ExplainCodeCommand.ts:30:13)

    console.log
      [ExplainCodeCommand] Constructor called

      at new log (src/commands/ExplainCodeCommand.ts:19:13)

    console.log
      [ExplainCodeCommand] episodicMemory param: undefined

      at new log (src/commands/ExplainCodeCommand.ts:20:13)

    console.log
      [ExplainCodeCommand] llmTool param: undefined

      at new log (src/commands/ExplainCodeCommand.ts:21:13)

    console.log
      [ExplainCodeCommand] episodicMemory instance: initialized

      at new log (src/commands/ExplainCodeCommand.ts:29:13)

    console.log
      [ExplainCodeCommand] dbManager: null

      at new log (src/commands/ExplainCodeCommand.ts:30:13)

    console.log
      [ExplainCodeCommand] Constructor called

      at new log (src/commands/ExplainCodeCommand.ts:19:13)

    console.log
      [ExplainCodeCommand] episodicMemory param: undefined

      at new log (src/commands/ExplainCodeCommand.ts:20:13)

    console.log
      [ExplainCodeCommand] llmTool param: undefined

      at new log (src/commands/ExplainCodeCommand.ts:21:13)

    console.log
      [ExplainCodeCommand] episodicMemory instance: initialized

      at new log (src/commands/ExplainCodeCommand.ts:29:13)

    console.log
      [ExplainCodeCommand] dbManager: null

      at new log (src/commands/ExplainCodeCommand.ts:30:13)

    console.warn
      璁板繂璁板綍澶辫触: Error: 鏁版嵁搴撻敊璇?          at Object.<anonymous> (D:\xiaoweiba\tests\unit\commands\ExplainCod
eCommand.test.ts:315:51)
          at Promise.then.completed (D:\xiaoweiba\node_modules\jest-circus\build\utils.js:298:28)
          at new Promise (<anonymous>)
          at callAsyncCircusFn (D:\xiaoweiba\node_modules\jest-circus\build\utils.js:231:10)
          at _callCircusTest (D:\xiaoweiba\node_modules\jest-circus\build\run.js:316:40)
          at processTicksAndRejections (node:internal/process/task_queues:103:5)
          at _runTest (D:\xiaoweiba\node_modules\jest-circus\build\run.js:252:3)
          at _runTestsForDescribeBlock (D:\xiaoweiba\node_modules\jest-circus\build\run.js:126:9)
          at _runTestsForDescribeBlock (D:\xiaoweiba\node_modules\jest-circus\build\run.js:121:9)
          at _runTestsForDescribeBlock (D:\xiaoweiba\node_modules\jest-circus\build\run.js:121:9)
          at run (D:\xiaoweiba\node_modules\jest-circus\build\run.js:71:3)
          at runAndTransformResultsToJestFormat (D:\xiaoweiba\node_modules\jest-circus\build\legacy-code-tod
o-rewrite\jestAdapterInit.js:122:21)
          at jestAdapter (D:\xiaoweiba\node_modules\jest-circus\build\legacy-code-todo-rewrite\jestAdapter.j
s:79:19)
          at runTestInternal (D:\xiaoweiba\node_modules\jest-runner\build\runTest.js:367:16)
          at runTest (D:\xiaoweiba\node_modules\jest-runner\build\runTest.js:444:34)
          at Object.worker (D:\xiaoweiba\node_modules\jest-runner\build\testWorker.js:106:12)

    [0m [90m 299 |[39m     } [36mcatch[39m (error) {
     [90m 300 |[39m       [90m// 璁板繂璁板綍澶辫触涓嶅奖鍝嶄富娴佺▼锛屼粎璁板綍鏃ュ織[39m
    [31m[1m>[22m[39m[90m 301 |[39m       console[33m.[39mwarn([32m'璁板繂璁板綍澶辫触:'[39m[33m,[39m erro
r)[33m;[39m
     [90m     |[39m               [31m[1m^[22m[39m
     [90m 302 |[39m     }
     [90m 303 |[39m   }
     [90m 304 |[39m }[0m

      at ExplainCodeCommand.warn [as recordMemory] (src/commands/ExplainCodeCommand.ts:301:15)

    console.log
      [ExplainCodeCommand] Constructor called

      at new log (src/commands/ExplainCodeCommand.ts:19:13)

    console.log
      [ExplainCodeCommand] episodicMemory param: undefined

      at new log (src/commands/ExplainCodeCommand.ts:20:13)

    console.log
      [ExplainCodeCommand] llmTool param: undefined

      at new log (src/commands/ExplainCodeCommand.ts:21:13)

    console.log
      [ExplainCodeCommand] episodicMemory instance: initialized

      at new log (src/commands/ExplainCodeCommand.ts:29:13)

    console.log
      [ExplainCodeCommand] dbManager: null

      at new log (src/commands/ExplainCodeCommand.ts:30:13)

    console.log
      [ExplainCodeCommand] Constructor called

      at new log (src/commands/ExplainCodeCommand.ts:19:13)

    console.log
      [ExplainCodeCommand] episodicMemory param: undefined

      at new log (src/commands/ExplainCodeCommand.ts:20:13)

    console.log
      [ExplainCodeCommand] llmTool param: undefined

      at new log (src/commands/ExplainCodeCommand.ts:21:13)

    console.log
      [ExplainCodeCommand] episodicMemory instance: initialized

      at new log (src/commands/ExplainCodeCommand.ts:29:13)

    console.log
      [ExplainCodeCommand] dbManager: null

      at new log (src/commands/ExplainCodeCommand.ts:30:13)

  鈼?ExplainCodeCommand 鈥?execute() 鈥?搴旇鍦ㄦ棤缂栬緫鍣ㄦ椂鏄剧ず璀﹀憡

    expect(jest.fn()).toHaveBeenCalledWith(...expected)

    Expected: "璇峰厛鎵撳紑涓€涓枃浠跺苟閫変腑瑕佽В閲婄殑浠ｇ爜"
    Received: "鈿狅笍 璇峰厛鎵撳紑涓€涓枃浠跺苟閫変腑瑕佽В閲婄殑浠ｇ爜"

    Number of calls: 1

    [0m [90m 90 |[39m
     [90m 91 |[39m       [90m// Assert[39m
    [31m[1m>[22m[39m[90m 92 |[39m       expect(vscode[33m.[39mwindow[33m.[39mshowWarningMessage)[
33m.[39mtoHaveBeenCalledWith(
     [90m    |[39m                                                [31m[1m^[22m[39m
     [90m 93 |[39m         [32m'璇峰厛鎵撳紑涓€涓枃浠跺苟閫変腑瑕佽В閲婄殑浠ｇ爜'[39m
     [90m 94 |[39m       )[33m;[39m
     [90m 95 |[39m       expect(mockLLMTool[33m.[39mcall)[33m.[39mnot[33m.[39mtoHaveBeenCalled()[33
m;[39m[0m

      at Object.<anonymous> (tests/unit/commands/ExplainCodeCommand.test.ts:92:48)

  鈼?ExplainCodeCommand 鈥?execute() 鈥?搴旇鍦ㄦ棤閫変腑浠ｇ爜鏃舵樉绀鸿鍛?
    expect(jest.fn()).toHaveBeenCalledWith(...expected)

    Expected: "璇峰厛閫変腑瑕佽В閲婄殑浠ｇ爜"
    Received: "鈿狅笍 璇峰厛閫変腑瑕佽В閲婄殑浠ｇ爜"

    Number of calls: 1

    [0m [90m 112 |[39m
     [90m 113 |[39m       [90m// Assert[39m
    [31m[1m>[22m[39m[90m 114 |[39m       expect(vscode[33m.[39mwindow[33m.[39mshowWarningMessage)
[33m.[39mtoHaveBeenCalledWith(
     [90m     |[39m                                                [31m[1m^[22m[39m
     [90m 115 |[39m         [32m'璇峰厛閫変腑瑕佽В閲婄殑浠ｇ爜'[39m
     [90m 116 |[39m       )[33m;[39m
     [90m 117 |[39m       expect(mockLLMTool[33m.[39mcall)[33m.[39mnot[33m.[39mtoHaveBeenCalled()[3
3m;[39m[0m

      at Object.<anonymous> (tests/unit/commands/ExplainCodeCommand.test.ts:114:48)

PASS tests/integration/collaboration/ModuleCollaboration.test.ts
  鈼?Console

    console.log
      [EpisodicMemory] record() called, checking database...

      at EpisodicMemory.log [as record] (src/core/memory/EpisodicMemory.ts:67:15)

    console.log
      [EpisodicMemory] Database retrieved successfully

      at EpisodicMemory.log [as record] (src/core/memory/EpisodicMemory.ts:76:15)

    console.log
      [EpisodicMemory] record() called, checking database...

      at EpisodicMemory.log [as record] (src/core/memory/EpisodicMemory.ts:67:15)

    console.log
      [EpisodicMemory] Database retrieved successfully

      at EpisodicMemory.log [as record] (src/core/memory/EpisodicMemory.ts:76:15)

PASS tests/unit/storage/ConfigManager.test.ts
  鈼?Console

    console.warn
      Config file watching not supported: Error: Watch not supported
          at Object.<anonymous> (D:\xiaoweiba\tests\unit\storage\ConfigManager.test.ts:449:68)
          at D:\xiaoweiba\node_modules\jest-mock\build\index.js:397:39
          at Object.<anonymous> (D:\xiaoweiba\node_modules\jest-mock\build\index.js:404:13)
          at Object.mockConstructor (D:\xiaoweiba\node_modules\jest-mock\build\index.js:148:19)
          at Object.watch (eval at _createMockFunction (D:\xiaoweiba\node_modules\jest-mock\build\index.js:5
66:31), <anonymous>:3:51)
          at ConfigManager.watch [as setupWatcher] (D:\xiaoweiba\src\storage\ConfigManager.ts:413:25)
          at ConfigManager.setupWatcher [as loadConfig] (D:\xiaoweiba\src\storage\ConfigManager.ts:179:12)
          at Object.<anonymous> (D:\xiaoweiba\tests\unit\storage\ConfigManager.test.ts:484:27)
          at Promise.then.completed (D:\xiaoweiba\node_modules\jest-circus\build\utils.js:298:28)
          at new Promise (<anonymous>)
          at callAsyncCircusFn (D:\xiaoweiba\node_modules\jest-circus\build\utils.js:231:10)
          at _callCircusTest (D:\xiaoweiba\node_modules\jest-circus\build\run.js:316:40)
          at _runTest (D:\xiaoweiba\node_modules\jest-circus\build\run.js:252:3)
          at _runTestsForDescribeBlock (D:\xiaoweiba\node_modules\jest-circus\build\run.js:126:9)
          at _runTestsForDescribeBlock (D:\xiaoweiba\node_modules\jest-circus\build\run.js:121:9)
          at _runTestsForDescribeBlock (D:\xiaoweiba\node_modules\jest-circus\build\run.js:121:9)
          at run (D:\xiaoweiba\node_modules\jest-circus\build\run.js:71:3)
          at runAndTransformResultsToJestFormat (D:\xiaoweiba\node_modules\jest-circus\build\legacy-code-tod
o-rewrite\jestAdapterInit.js:122:21)
          at jestAdapter (D:\xiaoweiba\node_modules\jest-circus\build\legacy-code-todo-rewrite\jestAdapter.j
s:79:19)
          at runTestInternal (D:\xiaoweiba\node_modules\jest-runner\build\runTest.js:367:16)
          at runTest (D:\xiaoweiba\node_modules\jest-runner\build\runTest.js:444:34)
          at Object.worker (D:\xiaoweiba\node_modules\jest-runner\build\testWorker.js:106:12)

    [0m [90m 423 |[39m     } [36mcatch[39m (error) {
     [90m 424 |[39m       [90m// 鏂囦欢绯荤粺涓嶆敮鎸?watch锛岄潤榛樺け璐?[39m
    [31m[1m>[22m[39m[90m 425 |[39m       console[33m.[39mwarn([32m'Config file watching not support
ed:'[39m[33m,[39m error)[33m;[39m
     [90m     |[39m               [31m[1m^[22m[39m
     [90m 426 |[39m     }
     [90m 427 |[39m   }
     [90m 428 |[39m[0m

      at ConfigManager.warn [as setupWatcher] (src/storage/ConfigManager.ts:425:15)
      at ConfigManager.setupWatcher [as loadConfig] (src/storage/ConfigManager.ts:179:12)
      at Object.<anonymous> (tests/unit/storage/ConfigManager.test.ts:484:27)

    console.warn
      Config file watching not supported: Error: Watch not supported
          at Object.<anonymous> (D:\xiaoweiba\tests\unit\storage\ConfigManager.test.ts:449:68)
          at D:\xiaoweiba\node_modules\jest-mock\build\index.js:397:39
          at Object.<anonymous> (D:\xiaoweiba\node_modules\jest-mock\build\index.js:404:13)
          at Object.mockConstructor (D:\xiaoweiba\node_modules\jest-mock\build\index.js:148:19)
          at Object.watch (eval at _createMockFunction (D:\xiaoweiba\node_modules\jest-mock\build\index.js:5
66:31), <anonymous>:3:51)
          at ConfigManager.watch [as setupWatcher] (D:\xiaoweiba\src\storage\ConfigManager.ts:413:25)
          at ConfigManager.setupWatcher [as loadConfig] (D:\xiaoweiba\src\storage\ConfigManager.ts:179:12)
          at Object.<anonymous> (D:\xiaoweiba\tests\unit\storage\ConfigManager.test.ts:516:27)
          at Promise.then.completed (D:\xiaoweiba\node_modules\jest-circus\build\utils.js:298:28)
          at new Promise (<anonymous>)
          at callAsyncCircusFn (D:\xiaoweiba\node_modules\jest-circus\build\utils.js:231:10)
          at _callCircusTest (D:\xiaoweiba\node_modules\jest-circus\build\run.js:316:40)
          at _runTest (D:\xiaoweiba\node_modules\jest-circus\build\run.js:252:3)
          at _runTestsForDescribeBlock (D:\xiaoweiba\node_modules\jest-circus\build\run.js:126:9)
          at _runTestsForDescribeBlock (D:\xiaoweiba\node_modules\jest-circus\build\run.js:121:9)
          at _runTestsForDescribeBlock (D:\xiaoweiba\node_modules\jest-circus\build\run.js:121:9)
          at run (D:\xiaoweiba\node_modules\jest-circus\build\run.js:71:3)
          at runAndTransformResultsToJestFormat (D:\xiaoweiba\node_modules\jest-circus\build\legacy-code-tod
o-rewrite\jestAdapterInit.js:122:21)
          at jestAdapter (D:\xiaoweiba\node_modules\jest-circus\build\legacy-code-todo-rewrite\jestAdapter.j
s:79:19)
          at runTestInternal (D:\xiaoweiba\node_modules\jest-runner\build\runTest.js:367:16)
          at runTest (D:\xiaoweiba\node_modules\jest-runner\build\runTest.js:444:34)
          at Object.worker (D:\xiaoweiba\node_modules\jest-runner\build\testWorker.js:106:12)

    [0m [90m 423 |[39m     } [36mcatch[39m (error) {
     [90m 424 |[39m       [90m// 鏂囦欢绯荤粺涓嶆敮鎸?watch锛岄潤榛樺け璐?[39m
    [31m[1m>[22m[39m[90m 425 |[39m       console[33m.[39mwarn([32m'Config file watching not support
ed:'[39m[33m,[39m error)[33m;[39m
     [90m     |[39m               [31m[1m^[22m[39m
     [90m 426 |[39m     }
     [90m 427 |[39m   }
     [90m 428 |[39m[0m

      at ConfigManager.warn [as setupWatcher] (src/storage/ConfigManager.ts:425:15)
      at ConfigManager.setupWatcher [as loadConfig] (src/storage/ConfigManager.ts:179:12)
      at Object.<anonymous> (tests/unit/storage/ConfigManager.test.ts:516:27)

    console.warn
      Config file watching not supported: Error: Watch not supported
          at Object.<anonymous> (D:\xiaoweiba\tests\unit\storage\ConfigManager.test.ts:449:68)
          at D:\xiaoweiba\node_modules\jest-mock\build\index.js:397:39
          at Object.<anonymous> (D:\xiaoweiba\node_modules\jest-mock\build\index.js:404:13)
          at Object.mockConstructor (D:\xiaoweiba\node_modules\jest-mock\build\index.js:148:19)
          at Object.watch (eval at _createMockFunction (D:\xiaoweiba\node_modules\jest-mock\build\index.js:5
66:31), <anonymous>:3:51)
          at ConfigManager.watch [as setupWatcher] (D:\xiaoweiba\src\storage\ConfigManager.ts:413:25)
          at ConfigManager.setupWatcher [as loadConfig] (D:\xiaoweiba\src\storage\ConfigManager.ts:179:12)
          at Object.<anonymous> (D:\xiaoweiba\tests\unit\storage\ConfigManager.test.ts:546:27)
          at Promise.then.completed (D:\xiaoweiba\node_modules\jest-circus\build\utils.js:298:28)
          at new Promise (<anonymous>)
          at callAsyncCircusFn (D:\xiaoweiba\node_modules\jest-circus\build\utils.js:231:10)
          at _callCircusTest (D:\xiaoweiba\node_modules\jest-circus\build\run.js:316:40)
          at _runTest (D:\xiaoweiba\node_modules\jest-circus\build\run.js:252:3)
          at _runTestsForDescribeBlock (D:\xiaoweiba\node_modules\jest-circus\build\run.js:126:9)
          at _runTestsForDescribeBlock (D:\xiaoweiba\node_modules\jest-circus\build\run.js:121:9)
          at _runTestsForDescribeBlock (D:\xiaoweiba\node_modules\jest-circus\build\run.js:121:9)
          at run (D:\xiaoweiba\node_modules\jest-circus\build\run.js:71:3)
          at runAndTransformResultsToJestFormat (D:\xiaoweiba\node_modules\jest-circus\build\legacy-code-tod
o-rewrite\jestAdapterInit.js:122:21)
          at jestAdapter (D:\xiaoweiba\node_modules\jest-circus\build\legacy-code-todo-rewrite\jestAdapter.j
s:79:19)
          at runTestInternal (D:\xiaoweiba\node_modules\jest-runner\build\runTest.js:367:16)
          at runTest (D:\xiaoweiba\node_modules\jest-runner\build\runTest.js:444:34)
          at Object.worker (D:\xiaoweiba\node_modules\jest-runner\build\testWorker.js:106:12)

    [0m [90m 423 |[39m     } [36mcatch[39m (error) {
     [90m 424 |[39m       [90m// 鏂囦欢绯荤粺涓嶆敮鎸?watch锛岄潤榛樺け璐?[39m
    [31m[1m>[22m[39m[90m 425 |[39m       console[33m.[39mwarn([32m'Config file watching not support
ed:'[39m[33m,[39m error)[33m;[39m
     [90m     |[39m               [31m[1m^[22m[39m
     [90m 426 |[39m     }
     [90m 427 |[39m   }
     [90m 428 |[39m[0m

      at ConfigManager.warn [as setupWatcher] (src/storage/ConfigManager.ts:425:15)
      at ConfigManager.setupWatcher [as loadConfig] (src/storage/ConfigManager.ts:179:12)
      at Object.<anonymous> (tests/unit/storage/ConfigManager.test.ts:546:27)

    console.warn
      Config file watching not supported: Error: Watch not supported
          at Object.<anonymous> (D:\xiaoweiba\tests\unit\storage\ConfigManager.test.ts:449:68)
          at D:\xiaoweiba\node_modules\jest-mock\build\index.js:397:39
          at Object.<anonymous> (D:\xiaoweiba\node_modules\jest-mock\build\index.js:404:13)
          at Object.mockConstructor (D:\xiaoweiba\node_modules\jest-mock\build\index.js:148:19)
          at Object.watch (eval at _createMockFunction (D:\xiaoweiba\node_modules\jest-mock\build\index.js:5
66:31), <anonymous>:3:51)
          at ConfigManager.watch [as setupWatcher] (D:\xiaoweiba\src\storage\ConfigManager.ts:413:25)
          at ConfigManager.setupWatcher [as loadConfig] (D:\xiaoweiba\src\storage\ConfigManager.ts:179:12)
          at Object.<anonymous> (D:\xiaoweiba\tests\unit\storage\ConfigManager.test.ts:559:27)
          at Promise.then.completed (D:\xiaoweiba\node_modules\jest-circus\build\utils.js:298:28)
          at new Promise (<anonymous>)
          at callAsyncCircusFn (D:\xiaoweiba\node_modules\jest-circus\build\utils.js:231:10)
          at _callCircusTest (D:\xiaoweiba\node_modules\jest-circus\build\run.js:316:40)
          at _runTest (D:\xiaoweiba\node_modules\jest-circus\build\run.js:252:3)
          at _runTestsForDescribeBlock (D:\xiaoweiba\node_modules\jest-circus\build\run.js:126:9)
          at _runTestsForDescribeBlock (D:\xiaoweiba\node_modules\jest-circus\build\run.js:121:9)
          at _runTestsForDescribeBlock (D:\xiaoweiba\node_modules\jest-circus\build\run.js:121:9)
          at run (D:\xiaoweiba\node_modules\jest-circus\build\run.js:71:3)
          at runAndTransformResultsToJestFormat (D:\xiaoweiba\node_modules\jest-circus\build\legacy-code-tod
o-rewrite\jestAdapterInit.js:122:21)
          at jestAdapter (D:\xiaoweiba\node_modules\jest-circus\build\legacy-code-todo-rewrite\jestAdapter.j
s:79:19)
          at runTestInternal (D:\xiaoweiba\node_modules\jest-runner\build\runTest.js:367:16)
          at runTest (D:\xiaoweiba\node_modules\jest-runner\build\runTest.js:444:34)
          at Object.worker (D:\xiaoweiba\node_modules\jest-runner\build\testWorker.js:106:12)

    [0m [90m 423 |[39m     } [36mcatch[39m (error) {
     [90m 424 |[39m       [90m// 鏂囦欢绯荤粺涓嶆敮鎸?watch锛岄潤榛樺け璐?[39m
    [31m[1m>[22m[39m[90m 425 |[39m       console[33m.[39mwarn([32m'Config file watching not support
ed:'[39m[33m,[39m error)[33m;[39m
     [90m     |[39m               [31m[1m^[22m[39m
     [90m 426 |[39m     }
     [90m 427 |[39m   }
     [90m 428 |[39m[0m

      at ConfigManager.warn [as setupWatcher] (src/storage/ConfigManager.ts:425:15)
      at ConfigManager.setupWatcher [as loadConfig] (src/storage/ConfigManager.ts:179:12)
      at Object.<anonymous> (tests/unit/storage/ConfigManager.test.ts:559:27)

    console.warn
      Config file watching not supported: Error: Watch not supported
          at Object.<anonymous> (D:\xiaoweiba\tests\unit\storage\ConfigManager.test.ts:449:68)
          at D:\xiaoweiba\node_modules\jest-mock\build\index.js:397:39
          at Object.<anonymous> (D:\xiaoweiba\node_modules\jest-mock\build\index.js:404:13)
          at Object.mockConstructor (D:\xiaoweiba\node_modules\jest-mock\build\index.js:148:19)
          at Object.watch (eval at _createMockFunction (D:\xiaoweiba\node_modules\jest-mock\build\index.js:5
66:31), <anonymous>:3:51)
          at ConfigManager.watch [as setupWatcher] (D:\xiaoweiba\src\storage\ConfigManager.ts:413:25)
          at ConfigManager.setupWatcher [as loadConfig] (D:\xiaoweiba\src\storage\ConfigManager.ts:179:12)
          at Object.<anonymous> (D:\xiaoweiba\tests\unit\storage\ConfigManager.test.ts:586:27)
          at Promise.then.completed (D:\xiaoweiba\node_modules\jest-circus\build\utils.js:298:28)
          at new Promise (<anonymous>)
          at callAsyncCircusFn (D:\xiaoweiba\node_modules\jest-circus\build\utils.js:231:10)
          at _callCircusTest (D:\xiaoweiba\node_modules\jest-circus\build\run.js:316:40)
          at _runTest (D:\xiaoweiba\node_modules\jest-circus\build\run.js:252:3)
          at _runTestsForDescribeBlock (D:\xiaoweiba\node_modules\jest-circus\build\run.js:126:9)
          at _runTestsForDescribeBlock (D:\xiaoweiba\node_modules\jest-circus\build\run.js:121:9)
          at _runTestsForDescribeBlock (D:\xiaoweiba\node_modules\jest-circus\build\run.js:121:9)
          at run (D:\xiaoweiba\node_modules\jest-circus\build\run.js:71:3)
          at runAndTransformResultsToJestFormat (D:\xiaoweiba\node_modules\jest-circus\build\legacy-code-tod
o-rewrite\jestAdapterInit.js:122:21)
          at jestAdapter (D:\xiaoweiba\node_modules\jest-circus\build\legacy-code-todo-rewrite\jestAdapter.j
s:79:19)
          at runTestInternal (D:\xiaoweiba\node_modules\jest-runner\build\runTest.js:367:16)
          at runTest (D:\xiaoweiba\node_modules\jest-runner\build\runTest.js:444:34)
          at Object.worker (D:\xiaoweiba\node_modules\jest-runner\build\testWorker.js:106:12)

    [0m [90m 423 |[39m     } [36mcatch[39m (error) {
     [90m 424 |[39m       [90m// 鏂囦欢绯荤粺涓嶆敮鎸?watch锛岄潤榛樺け璐?[39m
    [31m[1m>[22m[39m[90m 425 |[39m       console[33m.[39mwarn([32m'Config file watching not support
ed:'[39m[33m,[39m error)[33m;[39m
     [90m     |[39m               [31m[1m^[22m[39m
     [90m 426 |[39m     }
     [90m 427 |[39m   }
     [90m 428 |[39m[0m

      at ConfigManager.warn [as setupWatcher] (src/storage/ConfigManager.ts:425:15)
      at ConfigManager.setupWatcher [as loadConfig] (src/storage/ConfigManager.ts:179:12)
      at Object.<anonymous> (tests/unit/storage/ConfigManager.test.ts:586:27)

    console.warn
      Config file watching not supported: Error: Watch not supported
          at Object.<anonymous> (D:\xiaoweiba\tests\unit\storage\ConfigManager.test.ts:449:68)
          at D:\xiaoweiba\node_modules\jest-mock\build\index.js:397:39
          at Object.<anonymous> (D:\xiaoweiba\node_modules\jest-mock\build\index.js:404:13)
          at Object.mockConstructor (D:\xiaoweiba\node_modules\jest-mock\build\index.js:148:19)
          at Object.watch (eval at _createMockFunction (D:\xiaoweiba\node_modules\jest-mock\build\index.js:5
66:31), <anonymous>:3:51)
          at ConfigManager.watch [as setupWatcher] (D:\xiaoweiba\src\storage\ConfigManager.ts:413:25)
          at ConfigManager.setupWatcher [as loadConfig] (D:\xiaoweiba\src\storage\ConfigManager.ts:179:12)
          at Object.<anonymous> (D:\xiaoweiba\tests\unit\storage\ConfigManager.test.ts:610:27)
          at Promise.then.completed (D:\xiaoweiba\node_modules\jest-circus\build\utils.js:298:28)
          at new Promise (<anonymous>)
          at callAsyncCircusFn (D:\xiaoweiba\node_modules\jest-circus\build\utils.js:231:10)
          at _callCircusTest (D:\xiaoweiba\node_modules\jest-circus\build\run.js:316:40)
          at _runTest (D:\xiaoweiba\node_modules\jest-circus\build\run.js:252:3)
          at _runTestsForDescribeBlock (D:\xiaoweiba\node_modules\jest-circus\build\run.js:126:9)
          at _runTestsForDescribeBlock (D:\xiaoweiba\node_modules\jest-circus\build\run.js:121:9)
          at _runTestsForDescribeBlock (D:\xiaoweiba\node_modules\jest-circus\build\run.js:121:9)
          at run (D:\xiaoweiba\node_modules\jest-circus\build\run.js:71:3)
          at runAndTransformResultsToJestFormat (D:\xiaoweiba\node_modules\jest-circus\build\legacy-code-tod
o-rewrite\jestAdapterInit.js:122:21)
          at jestAdapter (D:\xiaoweiba\node_modules\jest-circus\build\legacy-code-todo-rewrite\jestAdapter.j
s:79:19)
          at runTestInternal (D:\xiaoweiba\node_modules\jest-runner\build\runTest.js:367:16)
          at runTest (D:\xiaoweiba\node_modules\jest-runner\build\runTest.js:444:34)
          at Object.worker (D:\xiaoweiba\node_modules\jest-runner\build\testWorker.js:106:12)

    [0m [90m 423 |[39m     } [36mcatch[39m (error) {
     [90m 424 |[39m       [90m// 鏂囦欢绯荤粺涓嶆敮鎸?watch锛岄潤榛樺け璐?[39m
    [31m[1m>[22m[39m[90m 425 |[39m       console[33m.[39mwarn([32m'Config file watching not support
ed:'[39m[33m,[39m error)[33m;[39m
     [90m     |[39m               [31m[1m^[22m[39m
     [90m 426 |[39m     }
     [90m 427 |[39m   }
     [90m 428 |[39m[0m

      at ConfigManager.warn [as setupWatcher] (src/storage/ConfigManager.ts:425:15)
      at ConfigManager.setupWatcher [as loadConfig] (src/storage/ConfigManager.ts:179:12)
      at Object.<anonymous> (tests/unit/storage/ConfigManager.test.ts:610:27)

------------------------|---------|----------|---------|---------|---------------------------------------
File                    | % Stmts | % Branch | % Funcs | % Lines | Uncovered Line #s                     
------------------------|---------|----------|---------|---------|---------------------------------------
All files               |   79.15 |    71.29 |   78.41 |    78.9 |                                       
 commands               |   95.23 |    70.83 |      90 |   95.16 |                                       
  ExplainCodeCommand.ts |   95.23 |    70.83 |      90 |   95.16 | 74,113-114                            
 core/memory            |   94.57 |    85.59 |     100 |    94.4 |                                       
  EpisodicMemory.ts     |   90.37 |     87.5 |     100 |   90.07 | 71-72,150,177-179,232-234,282-284,364 
  PreferenceMemory.ts   |   99.18 |    83.33 |     100 |   99.15 | 390                                   
 core/security          |    90.9 |    95.83 |   93.75 |   91.27 |                                       
  AuditLogger.ts        |   86.17 |    91.66 |      90 |   86.66 | 110,156,180,274-300,315               
  TaskToken.ts          |   98.33 |      100 |     100 |    98.3 | 258                                   
 storage                |   46.28 |       40 |   43.75 |   45.64 |                                       
  ConfigManager.ts      |   97.45 |    88.37 |     100 |   97.36 | 140-141,199                           
  DatabaseManager.ts    |   12.35 |      3.5 |    3.57 |   11.56 | 38,41-611                             
 tools                  |     100 |    88.09 |     100 |     100 |                                       
  LLMTool.ts            |     100 |    88.09 |     100 |     100 | 105-125,188,215,248                   
 utils                  |   92.47 |    88.88 |     100 |    92.3 |                                       
  ErrorCodes.ts         |     100 |      100 |     100 |     100 |                                       
  ProjectFingerprint.ts |   81.08 |       80 |     100 |      80 | 43-45,73-79                           
------------------------|---------|----------|---------|---------|---------------------------------------

Test Suites: 3 failed, 11 passed, 14 total
Tests:       18 failed, 235 passed, 253 total
Snapshots:   0 total
Time:        5.976 s
Ran all test suites.
