
> xiaoweiba@0.1.0 test
> jest --coverage --testPathPattern=ChatViewProvider --verbose

  console.log
    [ChatViewProvider] resolveWebviewView called

      at ChatViewProvider.log [as resolveWebviewView] (src/chat/ChatViewProvider.ts:52:13)

  console.log
    [ChatViewProvider] Setting webview HTML...

      at ChatViewProvider.log [as resolveWebviewView] (src/chat/ChatViewProvider.ts:60:13)

  console.log
    [ChatViewProvider] Webview HTML set successfully

      at ChatViewProvider.log [as resolveWebviewView] (src/chat/ChatViewProvider.ts:62:13)

  console.log
    [ChatViewProvider] Data loaded, hiding loading indicator

      at log (src/chat/ChatViewProvider.ts:98:15)

  console.log
    [ChatViewProvider] resolveWebviewView called

      at ChatViewProvider.log [as resolveWebviewView] (src/chat/ChatViewProvider.ts:52:13)

  console.log
    [ChatViewProvider] Setting webview HTML...

      at ChatViewProvider.log [as resolveWebviewView] (src/chat/ChatViewProvider.ts:60:13)

  console.log
    [ChatViewProvider] Webview HTML set successfully

      at ChatViewProvider.log [as resolveWebviewView] (src/chat/ChatViewProvider.ts:62:13)

  console.log
    [ChatViewProvider] Data loaded, hiding loading indicator

      at log (src/chat/ChatViewProvider.ts:98:15)

  console.log
    [ChatViewProvider] resolveWebviewView called

      at ChatViewProvider.log [as resolveWebviewView] (src/chat/ChatViewProvider.ts:52:13)

  console.log
    [ChatViewProvider] Setting webview HTML...

      at ChatViewProvider.log [as resolveWebviewView] (src/chat/ChatViewProvider.ts:60:13)

  console.log
    [ChatViewProvider] Webview HTML set successfully

      at ChatViewProvider.log [as resolveWebviewView] (src/chat/ChatViewProvider.ts:62:13)

  console.log
    [ChatViewProvider] Data loaded, hiding loading indicator

      at log (src/chat/ChatViewProvider.ts:98:15)

  console.log
    [ChatViewProvider] resolveWebviewView called

      at ChatViewProvider.log [as resolveWebviewView] (src/chat/ChatViewProvider.ts:52:13)

  console.log
    [ChatViewProvider] Setting webview HTML...

      at ChatViewProvider.log [as resolveWebviewView] (src/chat/ChatViewProvider.ts:60:13)

  console.log
    [ChatViewProvider] Webview HTML set successfully

      at ChatViewProvider.log [as resolveWebviewView] (src/chat/ChatViewProvider.ts:62:13)

  console.log
    [ChatViewProvider] Data loaded, hiding loading indicator

      at log (src/chat/ChatViewProvider.ts:98:15)

  console.log
    [ChatViewProvider] resolveWebviewView called

      at ChatViewProvider.log [as resolveWebviewView] (src/chat/ChatViewProvider.ts:52:13)

  console.log
    [ChatViewProvider] Setting webview HTML...

      at ChatViewProvider.log [as resolveWebviewView] (src/chat/ChatViewProvider.ts:60:13)

  console.log
    [ChatViewProvider] Webview HTML set successfully

      at ChatViewProvider.log [as resolveWebviewView] (src/chat/ChatViewProvider.ts:62:13)

  console.error
    [ChatViewProvider] Initialization failed: Error: 鍔犺浇澶辫触
        at Object.<anonymous> (D:\xiaoweiba\tests\unit\chat\ChatViewProvider.test.ts:186:9)
        at Promise.then.completed (D:\xiaoweiba\node_modules\jest-circus\build\utils.js:298:28)
        at new Promise (<anonymous>)
        at callAsyncCircusFn (D:\xiaoweiba\node_modules\jest-circus\build\utils.js:231:10)
        at _callCircusTest (D:\xiaoweiba\node_modules\jest-circus\build\run.js:316:40)
        at _runTest (D:\xiaoweiba\node_modules\jest-circus\build\run.js:252:3)
        at _runTestsForDescribeBlock (D:\xiaoweiba\node_modules\jest-circus\build\run.js:126:9)
        at _runTestsForDescribeBlock (D:\xiaoweiba\node_modules\jest-circus\build\run.js:121:9)
        at _runTestsForDescribeBlock (D:\xiaoweiba\node_modules\jest-circus\build\run.js:121:9)
        at run (D:\xiaoweiba\node_modules\jest-circus\build\run.js:71:3)
        at runAndTransformResultsToJestFormat (D:\xiaoweiba\node_modules\jest-circus\build\legacy-code-todo-rewrite\jestAdapterInit.js:122:21)
        at jestAdapter (D:\xiaoweiba\node_modules\jest-circus\build\legacy-code-todo-rewrite\jestAdapter.js:79:19)
        at runTestInternal (D:\xiaoweiba\node_modules\jest-runner\build\runTest.js:367:16)
        at runTest (D:\xiaoweiba\node_modules\jest-runner\build\runTest.js:444:34)

    [0m [90m 102 |[39m     })[33m.[39m[36mcatch[39m(err [33m=>[39m {
     [90m 103 |[39m       clearTimeout(initTimeout)[33m;[39m
    [31m[1m>[22m[39m[90m 104 |[39m       console[33m.[39merror([32m'[ChatViewProvider] Initialization failed:'[39m[33m,[39m err)[33m;[39m
     [90m     |[39m               [31m[1m^[22m[39m
     [90m 105 |[39m       [36mif[39m ([36mthis[39m[33m.[39mview) {
     [90m 106 |[39m         [36mthis[39m[33m.[39mview[33m.[39mwebview[33m.[39mpostMessage({ type[33m:[39m [32m'hideLoading'[39m })[33m;[39m
     [90m 107 |[39m       }[0m

      at error (src/chat/ChatViewProvider.ts:104:15)

  console.log
    [ChatViewProvider] resolveWebviewView called

      at ChatViewProvider.log [as resolveWebviewView] (src/chat/ChatViewProvider.ts:52:13)

  console.log
    [ChatViewProvider] Setting webview HTML...

      at ChatViewProvider.log [as resolveWebviewView] (src/chat/ChatViewProvider.ts:60:13)

  console.log
    [ChatViewProvider] Webview HTML set successfully

      at ChatViewProvider.log [as resolveWebviewView] (src/chat/ChatViewProvider.ts:62:13)

  console.log
    [ChatViewProvider] Data loaded, hiding loading indicator

      at log (src/chat/ChatViewProvider.ts:98:15)

  console.log
    [ChatViewProvider] Complexity assessment: { complexity: 0.02, needsClarification: false, suggestedMode: 'QUICK' }

      at ChatViewProvider.log [as handleUserMessage] (src/chat/ChatViewProvider.ts:136:15)

  console.log
    [ChatViewProvider] Selected interaction mode: QUICK

      at ChatViewProvider.log [as handleUserMessage] (src/chat/ChatViewProvider.ts:149:15)

  console.error
    [ChatViewProvider] Error handling message: Error: 涓婁笅鏂囨瀯寤哄け璐?        at Object.<anonymous> (D:\xiaoweiba\tests\unit\chat\ChatViewProvider.test.ts:237:9)
        at Promise.then.completed (D:\xiaoweiba\node_modules\jest-circus\build\utils.js:298:28)
        at new Promise (<anonymous>)
        at callAsyncCircusFn (D:\xiaoweiba\node_modules\jest-circus\build\utils.js:231:10)
        at _callCircusTest (D:\xiaoweiba\node_modules\jest-circus\build\run.js:316:40)
        at _runTest (D:\xiaoweiba\node_modules\jest-circus\build\run.js:252:3)
        at _runTestsForDescribeBlock (D:\xiaoweiba\node_modules\jest-circus\build\run.js:126:9)
        at _runTestsForDescribeBlock (D:\xiaoweiba\node_modules\jest-circus\build\run.js:121:9)
        at _runTestsForDescribeBlock (D:\xiaoweiba\node_modules\jest-circus\build\run.js:121:9)
        at run (D:\xiaoweiba\node_modules\jest-circus\build\run.js:71:3)
        at runAndTransformResultsToJestFormat (D:\xiaoweiba\node_modules\jest-circus\build\legacy-code-todo-rewrite\jestAdapterInit.js:122:21)
        at jestAdapter (D:\xiaoweiba\node_modules\jest-circus\build\legacy-code-todo-rewrite\jestAdapter.js:79:19)
        at runTestInternal (D:\xiaoweiba\node_modules\jest-runner\build\runTest.js:367:16)
        at runTest (D:\xiaoweiba\node_modules\jest-runner\build\runTest.js:444:34)

    [0m [90m 171 |[39m       [36mawait[39m [36mthis[39m[33m.[39mhandleGeneralChat(text)[33m;[39m
     [90m 172 |[39m     } [36mcatch[39m (error) {
    [31m[1m>[22m[39m[90m 173 |[39m       console[33m.[39merror([32m'[ChatViewProvider] Error handling message:'[39m[33m,[39m error)[33m;[39m
     [90m     |[39m               [31m[1m^[22m[39m
     [90m 174 |[39m       vscode[33m.[39mwindow[33m.[39mshowErrorMessage([32m'澶勭悊娑堟伅鏃跺嚭閿?[39m)[33m;[39m
     [90m 175 |[39m     }
     [90m 176 |[39m   }[0m

      at ChatViewProvider.error [as handleUserMessage] (src/chat/ChatViewProvider.ts:173:15)
      at Object.<anonymous> (tests/unit/chat/ChatViewProvider.test.ts:240:7)

  console.log
    [ChatViewProvider] Complexity assessment: { complexity: 0.02, needsClarification: false, suggestedMode: 'QUICK' }

      at ChatViewProvider.log [as handleUserMessage] (src/chat/ChatViewProvider.ts:136:15)

  console.log
    [ChatViewProvider] Selected interaction mode: QUICK

      at ChatViewProvider.log [as handleUserMessage] (src/chat/ChatViewProvider.ts:149:15)

  console.log
    [ChatViewProvider] Sending placeholder message with ID: msg_1776495885173_assistant

      at ChatViewProvider.log [as handleGeneralChat] (src/chat/ChatViewProvider.ts:297:13)

  console.log
    [ChatViewProvider] Calling LLM with messages: 1

      at ChatViewProvider.log [as handleGeneralChat] (src/chat/ChatViewProvider.ts:307:15)

  console.error
    [ChatViewProvider] LLM call failed: TypeError: Cannot read properties of undefined (reading 'success')
        at ChatViewProvider.success [as handleGeneralChat] (D:\xiaoweiba\src\chat\ChatViewProvider.ts:316:27)
        at ChatViewProvider.handleUserMessage (D:\xiaoweiba\src\chat\ChatViewProvider.ts:171:7)
        at Object.<anonymous> (D:\xiaoweiba\tests\unit\chat\ChatViewProvider.test.ts:271:7)

    [0m [90m 333 |[39m       })[33m;[39m
     [90m 334 |[39m     } [36mcatch[39m (error) {
    [31m[1m>[22m[39m[90m 335 |[39m       console[33m.[39merror([32m'[ChatViewProvider] LLM call failed:'[39m[33m,[39m error)[33m;[39m
     [90m     |[39m               [31m[1m^[22m[39m
     [90m 336 |[39m       assistantMessage[33m.[39mcontent [33m=[39m [32m`鎶辨瓑锛岀敓鎴愬洖澶嶆椂鍑虹幇閿欒锛?{error instanceof Error ? error.message : String(error)}`[39m[33m;[39m
     [90m 337 |[39m       [36mthis[39m[33m.[39mview[33m![39m[33m.[39mwebview[33m.[39mpostMessage({
     [90m 338 |[39m         type[33m:[39m [32m'updateMessage'[39m[33m,[39m[0m

      at ChatViewProvider.error [as handleGeneralChat] (src/chat/ChatViewProvider.ts:335:15)
      at ChatViewProvider.handleUserMessage (src/chat/ChatViewProvider.ts:171:7)
      at Object.<anonymous> (tests/unit/chat/ChatViewProvider.test.ts:271:7)

  console.log
    [ChatViewProvider] Complexity assessment: { complexity: 0.01, needsClarification: false, suggestedMode: 'QUICK' }

      at ChatViewProvider.log [as handleUserMessage] (src/chat/ChatViewProvider.ts:136:15)

  console.log
    [ChatViewProvider] Selected interaction mode: QUICK

      at ChatViewProvider.log [as handleUserMessage] (src/chat/ChatViewProvider.ts:149:15)

  console.log
    [ChatViewProvider] Sending placeholder message with ID: msg_1776495885180_assistant

      at ChatViewProvider.log [as handleGeneralChat] (src/chat/ChatViewProvider.ts:297:13)

  console.log
    [ChatViewProvider] Calling LLM with messages: 0

      at ChatViewProvider.log [as handleGeneralChat] (src/chat/ChatViewProvider.ts:307:15)

  console.error
    [ChatViewProvider] LLM call failed: TypeError: Cannot read properties of undefined (reading 'success')
        at ChatViewProvider.success [as handleGeneralChat] (D:\xiaoweiba\src\chat\ChatViewProvider.ts:316:27)
        at ChatViewProvider.handleUserMessage (D:\xiaoweiba\src\chat\ChatViewProvider.ts:171:7)
        at Object.<anonymous> (D:\xiaoweiba\tests\unit\chat\ChatViewProvider.test.ts:318:7)

    [0m [90m 333 |[39m       })[33m;[39m
     [90m 334 |[39m     } [36mcatch[39m (error) {
    [31m[1m>[22m[39m[90m 335 |[39m       console[33m.[39merror([32m'[ChatViewProvider] LLM call failed:'[39m[33m,[39m error)[33m;[39m
     [90m     |[39m               [31m[1m^[22m[39m
     [90m 336 |[39m       assistantMessage[33m.[39mcontent [33m=[39m [32m`鎶辨瓑锛岀敓鎴愬洖澶嶆椂鍑虹幇閿欒锛?{error instanceof Error ? error.message : String(error)}`[39m[33m;[39m
     [90m 337 |[39m       [36mthis[39m[33m.[39mview[33m![39m[33m.[39mwebview[33m.[39mpostMessage({
     [90m 338 |[39m         type[33m:[39m [32m'updateMessage'[39m[33m,[39m[0m

      at ChatViewProvider.error [as handleGeneralChat] (src/chat/ChatViewProvider.ts:335:15)
      at ChatViewProvider.handleUserMessage (src/chat/ChatViewProvider.ts:171:7)
      at Object.<anonymous> (tests/unit/chat/ChatViewProvider.test.ts:318:7)

  console.error
    [ChatViewProvider] 娴佸紡鍝嶅簲澶辫触: Error: LLM璋冪敤澶辫触
        at Object.<anonymous> (D:\xiaoweiba\tests\unit\chat\ChatViewProvider.test.ts:382:48)
        at Promise.then.completed (D:\xiaoweiba\node_modules\jest-circus\build\utils.js:298:28)
        at new Promise (<anonymous>)
        at callAsyncCircusFn (D:\xiaoweiba\node_modules\jest-circus\build\utils.js:231:10)
        at _callCircusTest (D:\xiaoweiba\node_modules\jest-circus\build\run.js:316:40)
        at _runTest (D:\xiaoweiba\node_modules\jest-circus\build\run.js:252:3)
        at _runTestsForDescribeBlock (D:\xiaoweiba\node_modules\jest-circus\build\run.js:126:9)
        at _runTestsForDescribeBlock (D:\xiaoweiba\node_modules\jest-circus\build\run.js:121:9)
        at _runTestsForDescribeBlock (D:\xiaoweiba\node_modules\jest-circus\build\run.js:121:9)
        at run (D:\xiaoweiba\node_modules\jest-circus\build\run.js:71:3)
        at runAndTransformResultsToJestFormat (D:\xiaoweiba\node_modules\jest-circus\build\legacy-code-todo-rewrite\jestAdapterInit.js:122:21)
        at jestAdapter (D:\xiaoweiba\node_modules\jest-circus\build\legacy-code-todo-rewrite\jestAdapter.js:79:19)
        at runTestInternal (D:\xiaoweiba\node_modules\jest-runner\build\runTest.js:367:16)
        at runTest (D:\xiaoweiba\node_modules\jest-runner\build\runTest.js:444:34)

    [0m [90m 400 |[39m       assistantMessage[33m.[39mcontent [33m=[39m fullContent[33m;[39m
     [90m 401 |[39m     } [36mcatch[39m (error) {
    [31m[1m>[22m[39m[90m 402 |[39m       console[33m.[39merror([32m'[ChatViewProvider] 娴佸紡鍝嶅簲澶辫触:'[39m[33m,[39m error)[33m;[39m
     [90m     |[39m               [31m[1m^[22m[39m
     [90m 403 |[39m       
     [90m 404 |[39m       [36mif[39m ([36mthis[39m[33m.[39mview) {
     [90m 405 |[39m         [36mthis[39m[33m.[39mview[33m.[39mwebview[33m.[39mpostMessage({[0m

      at ChatViewProvider.error [as streamResponse] (src/chat/ChatViewProvider.ts:402:15)
      at Object.<anonymous> (tests/unit/chat/ChatViewProvider.test.ts:391:7)

  console.error
    [ChatViewProvider] 娴佸紡鍝嶅簲澶辫触: Error: API閿欒
        at ChatViewProvider.streamResponse (D:\xiaoweiba\src\chat\ChatViewProvider.ts:389:15)
        at Object.<anonymous> (D:\xiaoweiba\tests\unit\chat\ChatViewProvider.test.ts:423:7)

    [0m [90m 400 |[39m       assistantMessage[33m.[39mcontent [33m=[39m fullContent[33m;[39m
     [90m 401 |[39m     } [36mcatch[39m (error) {
    [31m[1m>[22m[39m[90m 402 |[39m       console[33m.[39merror([32m'[ChatViewProvider] 娴佸紡鍝嶅簲澶辫触:'[39m[33m,[39m error)[33m;[39m
     [90m     |[39m               [31m[1m^[22m[39m
     [90m 403 |[39m       
     [90m 404 |[39m       [36mif[39m ([36mthis[39m[33m.[39mview) {
     [90m 405 |[39m         [36mthis[39m[33m.[39mview[33m.[39mwebview[33m.[39mpostMessage({[0m

      at ChatViewProvider.error [as streamResponse] (src/chat/ChatViewProvider.ts:402:15)
      at Object.<anonymous> (tests/unit/chat/ChatViewProvider.test.ts:423:7)

node.exe : FAIL tests/unit/chat/ChatViewProvider.test.ts
所在位置 行:1 字符: 1
+ & "D:\Program Files\nvm\nodejs/node.exe" "D:\Program Files\nvm\nodejs ...
+ ~~~~~~~~~~~~~~~~~~~~~~~~~~~~~~~~~~~~~~~~~~~~~~~~~~~~~~~~~~~~~~~~~~~~~
    + CategoryInfo          : NotSpecified: (FAIL tests/unit...rovider.test.ts:String) [], RemoteException
    + FullyQualifiedErrorId : NativeCommandError
 
  ChatViewProvider - 鑱婂ぉ瑙嗗浘鎻愪緵鑰?    鏋勯€犲嚱鏁?      鈭?搴旇姝ｇ‘鍒濆鍖栨墍鏈変緷璧?(3 ms)
    resolveWebviewView - Webview瑙嗗浘瑙ｆ瀽
      鈭?搴旇姝ｇ‘璁剧疆webview骞跺姞杞戒細璇?(20 ms)
      鈭?搴旇澶勭悊switchSession娑堟伅 (16 ms)
      鈭?搴旇澶勭悊deleteSession娑堟伅 (15 ms)
      鈭?搴旇澶勭悊newSession娑堟伅 (20 ms)
      鈭?搴旇鍦ㄥ垵濮嬪寲澶辫触鏃堕殣钘弆oading (14 ms)
      鈭?搴旇澶勭悊甯ptions鐨剆endMessage娑堟伅 (15 ms)
    handleUserMessage - 澶勭悊鐢ㄦ埛娑堟伅
      鈭?搴旇鍦╲iew鏈垵濮嬪寲鏃舵樉绀洪敊璇?(1 ms)
      脳 搴旇contextBuilder澶辫触鏃跺彂閫侀敊璇秷鎭?(5 ms)
      脳 搴旇姝ｇ‘澶勭悊鐢ㄦ埛娑堟伅骞惰繑鍥濧I鍝嶅簲 (8 ms)
      脳 搴旇姝ｇ‘澶勭悊LLM璋冪敤澶辫触 (4 ms)
    streamResponse - 娴佸紡鍝嶅簲
      鈭?搴旇姝ｇ‘澶勭悊娴佸紡鍝嶅簲 (1 ms)
      鈭?搴旇LLM璋冪敤澶辫触鏃跺彂閫侀敊璇秷鎭?(10 ms)
      鈭?搴旇LLM杩斿洖澶辫触鏃惰缃敊璇秷鎭?(3 ms)
    getHtmlForWebview - Webview HTML鐢熸垚
      鈭?搴旇鐢熸垚鍖呭惈鍩烘湰缁撴瀯鐨凥TML
      鈭?搴旇閰嶇疆涓ユ牸鐨凜SP绛栫暐锛堟棤CDN锛?
  鈼?ChatViewProvider - 鑱婂ぉ瑙嗗浘鎻愪緵鑰?鈥?handleUserMessage - 澶勭悊鐢ㄦ埛娑堟伅 鈥?搴旇contextBuilder澶辫触鏃跺彂閫侀敊璇秷鎭?
    expect(jest.fn()).toHaveBeenCalledWith(...expected)

    Expected: ObjectContaining {"error": "涓婁笅鏂囨瀯寤哄け璐?, "type": "errorMessage"}
    Received: {"message": {"content": "娴嬭瘯娑堟伅", "id": "msg_1776495885167_user", "role": "user", "timestamp": 1776
495885167}, "type": "addMessage"}

    Number of calls: 1

    [0m [90m 240 |[39m       [36mawait[39m chatViewProvider[33m.[39mhandleUserMessage([32m'娴嬭瘯娑堟伅'[39m)
[33m;[39m
     [90m 241 |[39m
    [31m[1m>[22m[39m[90m 242 |[39m       expect(mockWebview[33m.[39mpostMessage)[33m.[39mtoHaveBeenCall
edWith(
     [90m     |[39m                                       [31m[1m^[22m[39m
     [90m 243 |[39m         expect[33m.[39mobjectContaining({
     [90m 244 |[39m           type[33m:[39m [32m'errorMessage'[39m[33m,[39m
     [90m 245 |[39m           error[33m:[39m [32m'涓婁笅鏂囨瀯寤哄け璐?[39m[0m

      at Object.<anonymous> (tests/unit/chat/ChatViewProvider.test.ts:242:39)

  鈼?ChatViewProvider - 鑱婂ぉ瑙嗗浘鎻愪緵鑰?鈥?handleUserMessage - 澶勭悊鐢ㄦ埛娑堟伅 鈥?搴旇姝ｇ‘澶勭悊鐢ㄦ埛娑堟伅骞惰繑鍥濧I鍝嶅簲

    expect(jest.fn()).toHaveBeenCalledWith(...expected)

    Expected: ObjectContaining {"type": "startStreaming"}
    Received
           1: {"message": {"content": "娴嬭瘯娑堟伅", "id": "msg_1776495885172_user", "role": "user", "timestamp": 1776
495885172}, "type": "addMessage"}
           2: {"message": {"content": "鎶辨瓑锛岀敓鎴愬洖澶嶆椂鍑虹幇閿欒锛欳annot read properties of undefined (reading 'success')
", "id": "msg_1776495885173_assistant", "role": "assistant", "timestamp": 1776495885173}, "type": "addMessage"}
           3: {"content": "鎶辨瓑锛岀敓鎴愬洖澶嶆椂鍑虹幇閿欒锛欳annot read properties of undefined (reading 'success')", "messageI
d": "msg_1776495885173_assistant", "type": "updateMessage"}

    Number of calls: 3

    [0m [90m 283 |[39m
     [90m 284 |[39m       [90m// 楠岃瘉娴佸紡鍝嶅簲寮€濮?[39m
    [31m[1m>[22m[39m[90m 285 |[39m       expect(mockWebview[33m.[39mpostMessage)[33m.[39mtoHaveBeenCall
edWith(
     [90m     |[39m                                       [31m[1m^[22m[39m
     [90m 286 |[39m         expect[33m.[39mobjectContaining({
     [90m 287 |[39m           type[33m:[39m [32m'startStreaming'[39m
     [90m 288 |[39m         })[0m

      at Object.<anonymous> (tests/unit/chat/ChatViewProvider.test.ts:285:39)

  鈼?ChatViewProvider - 鑱婂ぉ瑙嗗浘鎻愪緵鑰?鈥?handleUserMessage - 澶勭悊鐢ㄦ埛娑堟伅 鈥?搴旇姝ｇ‘澶勭悊LLM璋冪敤澶辫触

    expect(jest.fn()).toHaveBeenCalledWith(...expected)

    Expected: ObjectContaining {"error": StringContaining "LLM璋冪敤澶辫触", "type": "streamError"}
    Received
           1: {"message": {"content": "娴嬭瘯", "id": "msg_1776495885180_user", "role": "user", "timestamp": 1776495
885180}, "type": "addMessage"}
           2: {"message": {"content": "鎶辨瓑锛岀敓鎴愬洖澶嶆椂鍑虹幇閿欒锛欳annot read properties of undefined (reading 'success')
", "id": "msg_1776495885180_assistant", "role": "assistant", "timestamp": 1776495885180}, "type": "addMessage"}
           3: {"content": "鎶辨瓑锛岀敓鎴愬洖澶嶆椂鍑虹幇閿欒锛欳annot read properties of undefined (reading 'success')", "messageI
d": "msg_1776495885180_assistant", "type": "updateMessage"}

    Number of calls: 3

    [0m [90m 319 |[39m
     [90m 320 |[39m       [90m// 楠岃瘉閿欒娑堟伅宸插彂閫?[39m
    [31m[1m>[22m[39m[90m 321 |[39m       expect(mockWebview[33m.[39mpostMessage)[33m.[39mtoHaveBeenCall
edWith(
     [90m     |[39m                                       [31m[1m^[22m[39m
     [90m 322 |[39m         expect[33m.[39mobjectContaining({
     [90m 323 |[39m           type[33m:[39m [32m'streamError'[39m[33m,[39m
     [90m 324 |[39m           error[33m:[39m expect[33m.[39mstringContaining([32m'LLM璋冪敤澶辫触'[39m)[0m

      at Object.<anonymous> (tests/unit/chat/ChatViewProvider.test.ts:321:39)

----------------------------|---------|----------|---------|---------|-----------------------------------------------------------------------------
File                        | % Stmts | % Branch | % Funcs | % Lines | Uncovered Line #s                                                           
----------------------------|---------|----------|---------|---------|-----------------------------------------------------------------------------
All files                   |   41.63 |    22.51 |      47 |   41.66 |                                                                             
 ChatViewHtml.ts            |     100 |      100 |     100 |     100 |                                                                             
 ChatViewProvider.ts        |   62.43 |    28.12 |   76.19 |   63.04 | 87-89,123-124,130-131,159-160,165-167,182-260,321-329,431,442-502           
 ContextBuilder.ts          |    5.71 |        0 |    9.09 |    5.71 | 58-300                                                                      
 DialogManager.ts           |   34.84 |    15.38 |   36.84 |   32.81 | 68-83,109,111,113,130-245,268-280                                           
 InteractionModeSelector.ts |   36.36 |    28.57 |      50 |   36.36 | 48,68-98,110,117-137,153,158,163,186-198,210-211,225-249                    
 PromptEngine.ts            |    65.9 |       45 |   71.42 |    65.9 | 91-98,118,124,127,130,145,151,157,183-190                                   
 SessionManager.ts          |   37.22 |    22.95 |   37.93 |   38.05 | 68,80,86-87,100,106-107,119,130-135,143,161-166,175,188-189,210-355,376-392 
----------------------------|---------|----------|---------|---------|-----------------------------------------------------------------------------
Jest: "global" coverage threshold for statements (65%) not met: 41.63%
Jest: "global" coverage threshold for branches (48%) not met: 22.51%
Jest: "global" coverage threshold for lines (64%) not met: 41.66%
Jest: "global" coverage threshold for functions (68%) not met: 47%
Test Suites: 1 failed, 1 total
Tests:       3 failed, 13 passed, 16 total
Snapshots:   0 total
Time:        1.261 s, estimated 2 s
Ran all test suites matching /ChatViewProvider/i.
